Archive member included because of file (symbol)

C:\Users\derekja\workspace\SENG466RemoteStation\libmegaCore.a(HardwareSerial.o)
                              ./main.o (HardwareSerial::begin(long))
C:\Users\derekja\workspace\SENG466RemoteStation\libmegaCore.a(Print.o)
                              C:\Users\derekja\workspace\SENG466RemoteStation\libmegaCore.a(HardwareSerial.o) (Print::write(char const*))
C:\Users\derekja\workspace\SENG466RemoteStation\libmegaCore.a(WInterrupts.o)
                              ./Radio/radio.o (attachInterrupt)
C:\Users\derekja\workspace\SENG466RemoteStation\libmegaCore.a(wiring.o)
                              ./Radio/radio.o (delayMicroseconds)
C:\Users\derekja\workspace\SENG466RemoteStation\libmegaCore.a(wiring_analog.o)
                              ./sonar.o (analogRead)
C:\Users\derekja\workspace\SENG466RemoteStation\libmegaCore.a(wiring_digital.o)
                              ./main.o (pinMode)
C:\Users\derekja\workspace\SENG466RemoteStation\libmegaCore.a(pins_arduino.o)
                              C:\Users\derekja\workspace\SENG466RemoteStation\libmegaCore.a(wiring_digital.o) (port_to_mode_PGM)
c:/winavr-20090313/bin/../lib/gcc/avr/4.3.2/avr51\libgcc.a(_mulsi3.o)
                              C:\Users\derekja\workspace\SENG466RemoteStation\libmegaCore.a(HardwareSerial.o) (__mulsi3)
c:/winavr-20090313/bin/../lib/gcc/avr/4.3.2/avr51\libgcc.a(_udivmodhi4.o)
                              ./sonar.o (__udivmodhi4)
c:/winavr-20090313/bin/../lib/gcc/avr/4.3.2/avr51\libgcc.a(_divmodhi4.o)
                              C:\Users\derekja\workspace\SENG466RemoteStation\libmegaCore.a(HardwareSerial.o) (__divmodhi4)
c:/winavr-20090313/bin/../lib/gcc/avr/4.3.2/avr51\libgcc.a(_udivmodsi4.o)
                              C:\Users\derekja\workspace\SENG466RemoteStation\libmegaCore.a(HardwareSerial.o) (__udivmodsi4)
c:/winavr-20090313/bin/../lib/gcc/avr/4.3.2/avr51\libgcc.a(_exit.o)
                              c:/winavr-20090313/bin/../lib/gcc/avr/4.3.2/../../../../avr/lib/avr51/crtm1280.o (exit)
c:/winavr-20090313/bin/../lib/gcc/avr/4.3.2/avr51\libgcc.a(_clear_bss.o)
                              ./Actuate.o (__do_clear_bss)
c:/winavr-20090313/bin/../lib/gcc/avr/4.3.2/avr51\libgcc.a(_ctors.o)
                              C:\Users\derekja\workspace\SENG466RemoteStation\libmegaCore.a(HardwareSerial.o) (__do_global_ctors)
c:/winavr-20090313/bin/../lib/gcc/avr/4.3.2/avr51\libgcc.a(_fixunssfsi.o)
                              ./sonar.o (__fixunssfsi)
c:/winavr-20090313/bin/../lib/gcc/avr/4.3.2/avr51\libgcc.a(_addsub_sf.o)
                              C:\Users\derekja\workspace\SENG466RemoteStation\libmegaCore.a(Print.o) (__subsf3)
c:/winavr-20090313/bin/../lib/gcc/avr/4.3.2/avr51\libgcc.a(_mul_sf.o)
                              ./Actuate.o (__mulsf3)
c:/winavr-20090313/bin/../lib/gcc/avr/4.3.2/avr51\libgcc.a(_div_sf.o)
                              ./sonar.o (__divsf3)
c:/winavr-20090313/bin/../lib/gcc/avr/4.3.2/avr51\libgcc.a(_gt_sf.o)
                              ./sonar.o (__gtsf2)
c:/winavr-20090313/bin/../lib/gcc/avr/4.3.2/avr51\libgcc.a(_ge_sf.o)
                              c:/winavr-20090313/bin/../lib/gcc/avr/4.3.2/avr51\libgcc.a(_fixunssfsi.o) (__gesf2)
c:/winavr-20090313/bin/../lib/gcc/avr/4.3.2/avr51\libgcc.a(_lt_sf.o)
                              ./sonar.o (__ltsf2)
c:/winavr-20090313/bin/../lib/gcc/avr/4.3.2/avr51\libgcc.a(_si_to_sf.o)
                              ./Actuate.o (__floatsisf)
c:/winavr-20090313/bin/../lib/gcc/avr/4.3.2/avr51\libgcc.a(_sf_to_si.o)
                              ./Actuate.o (__fixsfsi)
c:/winavr-20090313/bin/../lib/gcc/avr/4.3.2/avr51\libgcc.a(_thenan_sf.o)
                              c:/winavr-20090313/bin/../lib/gcc/avr/4.3.2/avr51\libgcc.a(_addsub_sf.o) (__thenan_sf)
c:/winavr-20090313/bin/../lib/gcc/avr/4.3.2/avr51\libgcc.a(_usi_to_sf.o)
                              ./sonar.o (__floatunsisf)
c:/winavr-20090313/bin/../lib/gcc/avr/4.3.2/avr51\libgcc.a(_prologue.o)
                              c:/winavr-20090313/bin/../lib/gcc/avr/4.3.2/avr51\libgcc.a(_addsub_sf.o) (__prologue_saves__)
c:/winavr-20090313/bin/../lib/gcc/avr/4.3.2/avr51\libgcc.a(_epilogue.o)
                              c:/winavr-20090313/bin/../lib/gcc/avr/4.3.2/avr51\libgcc.a(_addsub_sf.o) (__epilogue_restores__)
c:/winavr-20090313/bin/../lib/gcc/avr/4.3.2/avr51\libgcc.a(_tablejump.o)
                              c:/winavr-20090313/bin/../lib/gcc/avr/4.3.2/avr51\libgcc.a(_ctors.o) (__tablejump__)
c:/winavr-20090313/bin/../lib/gcc/avr/4.3.2/avr51\libgcc.a(_clzsi2.o)
                              c:/winavr-20090313/bin/../lib/gcc/avr/4.3.2/avr51\libgcc.a(_si_to_sf.o) (__clzsi2)
c:/winavr-20090313/bin/../lib/gcc/avr/4.3.2/avr51\libgcc.a(_pack_sf.o)
                              c:/winavr-20090313/bin/../lib/gcc/avr/4.3.2/avr51\libgcc.a(_addsub_sf.o) (__pack_f)
c:/winavr-20090313/bin/../lib/gcc/avr/4.3.2/avr51\libgcc.a(_unpack_sf.o)
                              c:/winavr-20090313/bin/../lib/gcc/avr/4.3.2/avr51\libgcc.a(_addsub_sf.o) (__unpack_f)
c:/winavr-20090313/bin/../lib/gcc/avr/4.3.2/avr51\libgcc.a(_fpcmp_parts_sf.o)
                              c:/winavr-20090313/bin/../lib/gcc/avr/4.3.2/avr51\libgcc.a(_gt_sf.o) (__fpcmp_parts_f)
c:/winavr-20090313/bin/../lib/gcc/avr/4.3.2/avr51\libgcc.a(_clz.o)
                              c:/winavr-20090313/bin/../lib/gcc/avr/4.3.2/avr51\libgcc.a(_clzsi2.o) (__clz_tab)

Memory Configuration

Name             Origin             Length             Attributes
text             0x00000000         0x00020000         xr
data             0x00800060         0x0000ffa0         rw !x
eeprom           0x00810000         0x00010000         rw !x
fuse             0x00820000         0x00000400         rw !x
lock             0x00830000         0x00000400         rw !x
signature        0x00840000         0x00000400         rw !x
*default*        0x00000000         0xffffffff

Linker script and memory map

Address of section .data set to 0x800200
LOAD c:/winavr-20090313/bin/../lib/gcc/avr/4.3.2/../../../../avr/lib/avr51/crtm1280.o
LOAD ./Actuate.o
LOAD ./Control.o
LOAD ./main.o
LOAD ./radioclient.o
LOAD ./sonar.o
LOAD ./Radio/radio.o
LOAD ./Radio/spi.o
LOAD ./RTOS/os.o
LOAD C:\Users\derekja\workspace\SENG466RemoteStation\libmegaCore.a
LOAD c:/winavr-20090313/bin/../lib/gcc/avr/4.3.2/avr51\libgcc.a
LOAD c:/winavr-20090313/bin/../lib/gcc/avr/4.3.2/../../../../avr/lib/avr51\libm.a
LOAD c:/winavr-20090313/bin/../lib/gcc/avr/4.3.2/avr51\libgcc.a
LOAD c:/winavr-20090313/bin/../lib/gcc/avr/4.3.2/../../../../avr/lib/avr51\libc.a
LOAD c:/winavr-20090313/bin/../lib/gcc/avr/4.3.2/avr51\libgcc.a

.hash
 *(.hash)

.dynsym
 *(.dynsym)

.dynstr
 *(.dynstr)

.gnu.version
 *(.gnu.version)

.gnu.version_d
 *(.gnu.version_d)

.gnu.version_r
 *(.gnu.version_r)

.rel.init
 *(.rel.init)

.rela.init
 *(.rela.init)

.rel.text
 *(.rel.text)
 *(.rel.text.*)
 *(.rel.gnu.linkonce.t*)

.rela.text
 *(.rela.text)
 *(.rela.text.*)
 *(.rela.gnu.linkonce.t*)

.rel.fini
 *(.rel.fini)

.rela.fini
 *(.rela.fini)

.rel.rodata
 *(.rel.rodata)
 *(.rel.rodata.*)
 *(.rel.gnu.linkonce.r*)

.rela.rodata
 *(.rela.rodata)
 *(.rela.rodata.*)
 *(.rela.gnu.linkonce.r*)

.rel.data
 *(.rel.data)
 *(.rel.data.*)
 *(.rel.gnu.linkonce.d*)

.rela.data
 *(.rela.data)
 *(.rela.data.*)
 *(.rela.gnu.linkonce.d*)

.rel.ctors
 *(.rel.ctors)

.rela.ctors
 *(.rela.ctors)

.rel.dtors
 *(.rel.dtors)

.rela.dtors
 *(.rela.dtors)

.rel.got
 *(.rel.got)

.rela.got
 *(.rela.got)

.rel.bss
 *(.rel.bss)

.rela.bss
 *(.rela.bss)

.rel.plt
 *(.rel.plt)

.rela.plt
 *(.rela.plt)

.text           0x00000000     0x5d26
 *(.vectors)
 .vectors       0x00000000       0xe4 c:/winavr-20090313/bin/../lib/gcc/avr/4.3.2/../../../../avr/lib/avr51/crtm1280.o
                0x00000000                __vectors
                0x00000000                __vector_default
 *(.vectors)
 *(.progmem.gcc*)
 *(.progmem*)
 .progmem.data  0x000000e4      0x120 C:\Users\derekja\workspace\SENG466RemoteStation\libmegaCore.a(pins_arduino.o)
                0x000000e4                port_to_mode_PGM
                0x00000132                digital_pin_to_port_PGM
                0x00000178                digital_pin_to_bit_mask_PGM
                0x000000fe                port_to_output_PGM
                0x00000118                port_to_input_PGM
                0x000001be                digital_pin_to_timer_PGM
                0x00000204                . = ALIGN (0x2)
                0x00000204                __trampolines_start = .
 *(.trampolines)
 .trampolines   0x00000204        0x0 linker stubs
 *(.trampolines*)
                0x00000204                __trampolines_end = .
 *(.jumptables)
 *(.jumptables*)
 *(.lowtext)
 *(.lowtext*)
                0x00000204                __ctors_start = .
 *(.ctors)
 .ctors         0x00000204        0x2 C:\Users\derekja\workspace\SENG466RemoteStation\libmegaCore.a(HardwareSerial.o)
                0x00000206                __ctors_end = .
                0x00000206                __dtors_start = .
 *(.dtors)
                0x00000206                __dtors_end = .
 SORT(*)(.ctors)
 SORT(*)(.dtors)
 *(.init0)
 .init0         0x00000206        0x0 c:/winavr-20090313/bin/../lib/gcc/avr/4.3.2/../../../../avr/lib/avr51/crtm1280.o
                0x00000206                __init
 *(.init0)
 *(.init1)
 *(.init1)
 *(.init2)
 .init2         0x00000206        0xc c:/winavr-20090313/bin/../lib/gcc/avr/4.3.2/../../../../avr/lib/avr51/crtm1280.o
 *(.init2)
 *(.init3)
 *(.init3)
 *(.init4)
 .init4         0x00000212       0x1a c:/winavr-20090313/bin/../lib/gcc/avr/4.3.2/../../../../avr/lib/avr51/crtm1280.o
                0x00000212                __do_copy_data
 .init4         0x0000022c       0x10 c:/winavr-20090313/bin/../lib/gcc/avr/4.3.2/avr51\libgcc.a(_clear_bss.o)
                0x0000022c                __do_clear_bss
 *(.init4)
 *(.init5)
 *(.init5)
 *(.init6)
 .init6         0x0000023c       0x16 c:/winavr-20090313/bin/../lib/gcc/avr/4.3.2/avr51\libgcc.a(_ctors.o)
                0x0000023c                __do_global_ctors
 *(.init6)
 *(.init7)
 *(.init7)
 *(.init8)
 *(.init8)
 *(.init9)
 .init9         0x00000252        0x8 c:/winavr-20090313/bin/../lib/gcc/avr/4.3.2/../../../../avr/lib/avr51/crtm1280.o
 *(.init9)
 *(.text)
 .text          0x0000025a        0x4 c:/winavr-20090313/bin/../lib/gcc/avr/4.3.2/../../../../avr/lib/avr51/crtm1280.o
                0x0000025a                __vector_38
                0x0000025a                __vector_22
                0x0000025a                __vector_28
                0x0000025a                __vector_32
                0x0000025a                __vector_34
                0x0000025a                __vector_24
                0x0000025a                __vector_12
                0x0000025a                __vector_55
                0x0000025a                __vector_46
                0x0000025a                __bad_interrupt
                0x0000025a                __vector_35
                0x0000025a                __vector_39
                0x0000025a                __vector_30
                0x0000025a                __vector_45
                0x0000025a                __vector_11
                0x0000025a                __vector_13
                0x0000025a                __vector_19
                0x0000025a                __vector_56
                0x0000025a                __vector_49
                0x0000025a                __vector_43
                0x0000025a                __vector_27
                0x0000025a                __vector_33
                0x0000025a                __vector_47
                0x0000025a                __vector_52
                0x0000025a                __vector_37
                0x0000025a                __vector_44
                0x0000025a                __vector_9
                0x0000025a                __vector_21
                0x0000025a                __vector_15
                0x0000025a                __vector_29
                0x0000025a                __vector_40
                0x0000025a                __vector_26
                0x0000025a                __vector_48
                0x0000025a                __vector_14
                0x0000025a                __vector_53
                0x0000025a                __vector_10
                0x0000025a                __vector_50
                0x0000025a                __vector_16
                0x0000025a                __vector_18
                0x0000025a                __vector_20
                0x0000025a                __vector_42
 .text          0x0000025e      0x2dc ./Actuate.o
                0x0000025e                actuate()
 .text          0x0000053a      0x334 ./Control.o
                0x0000053a                control()
 .text          0x0000086e      0x17c ./main.o
                0x0000086e                r_main()
                0x000009d4                task1()
                0x00000920                controlTask()
                0x000009ac                sonarTask()
                0x00000966                actuateTask()
                0x000009be                task2()
 .text          0x000009ea      0x1b8 ./radioclient.o
                0x000009ea                radio_rxhandler(unsigned char)
                0x00000b50                radioSend()
                0x00000b72                radioInitSetup()
 .text          0x00000ba2      0x94a ./sonar.o
                0x00000dbe                __vector_31
                0x00000c32                sonarGetDistance(int)
                0x00000cd4                __vector_41
                0x00000f28                sonarInit()
                0x000010f2                sonarMeasureDistance()
 .text          0x000014ec      0xc66 ./Radio/radio.o
                0x00001b7c                Radio_Transmit(_rp*, _radio_tx_wait)
                0x00001d4c                Radio_Init()
                0x0000196e                Radio_Configure_Rx(_radio_pipe, unsigned char*, _ed)
                0x00001c60                int0handler()
                0x000014ec                Radio_Drop_Rate()
                0x00001906                Radio_Configure(_radio_dr, _radio_tx_power)
                0x000015f6                Radio_Set_Tx_Addr(unsigned char*)
                0x00001700                Radio_Receive(_rp*)
 .text          0x00002152      0x16c ./Radio/spi.o
                0x00002278                SPI_Init()
                0x00002152                SPI_ReadWrite_Block(unsigned char*, unsigned char*, unsigned char)
                0x000021da                SPI_Write_Block(unsigned char*, unsigned char)
                0x0000223e                SPI_Write_Byte(unsigned char)
 .text          0x000022be     0x1478 ./RTOS/os.o
                0x0000287e                Event_Init
                0x0000283a                Task_GetArg
                0x00002758                Task_Create
                0x0000294a                Event_Broadcast
                0x000028c2                Event_Wait
                0x00002436                __vector_17
                0x0000280c                Task_Terminate
                0x000027de                Task_Next
                0x000035b2                OS_Init
                0x00003720                main
                0x000029d2                Broadcast_And_Next
                0x00002b20                OS_Abort
                0x00002906                Event_Signal
                0x0000298e                Signal_And_Next
 .text          0x00003736      0x6fa C:\Users\derekja\workspace\SENG466RemoteStation\libmegaCore.a(HardwareSerial.o)
                0x00003bda                HardwareSerial::available()
                0x00003c6a                HardwareSerial::write(unsigned char)
                0x000039a4                HardwareSerial::begin(long)
                0x00003784                __vector_25
                0x0000388c                __vector_54
                0x00003c52                HardwareSerial::flush()
                0x00003b86                HardwareSerial::end()
                0x00003944                HardwareSerial::HardwareSerial(ring_buffer*, unsigned char volatile*, unsigned char volatile*, unsigned char volatile*, unsigned char volatile*, unsigned char volatile*, unsigned char, unsigned char, unsigned char, unsigned char, unsigned char)
                0x000038e4                HardwareSerial::HardwareSerial(ring_buffer*, unsigned char volatile*, unsigned char volatile*, unsigned char volatile*, unsigned char volatile*, unsigned char volatile*, unsigned char, unsigned char, unsigned char, unsigned char, unsigned char)
                0x00003834                __vector_51
                0x000037dc                __vector_36
                0x00003c02                HardwareSerial::read()
                0x00003736                store_char(unsigned char, ring_buffer*)
 .text          0x00003e30      0x53c C:\Users\derekja\workspace\SENG466RemoteStation\libmegaCore.a(Print.o)
                0x0000413c                Print::println(unsigned int, int)
                0x000040f8                Print::println()
                0x000041ce                Print::println(int, int)
                0x00003eae                Print::printNumber(unsigned long, unsigned char)
                0x00003e60                Print::write(unsigned char const*, unsigned int)
                0x00004350                Print::print(double, int)
                0x000040d4                Print::print(char, int)
                0x00003e30                Print::write(char const*)
                0x00004238                Print::printFloat(double, unsigned char)
                0x000040ae                Print::print(int, int)
                0x0000401e                Print::print(unsigned char, int)
                0x000041a2                Print::println(char const*)
                0x0000416e                Print::println(unsigned char, int)
                0x00004204                Print::println(char, int)
                0x00003ffc                Print::print(unsigned int, int)
                0x00003e9e                Print::print(char const*)
                0x00003fde                Print::print(unsigned long, int)
                0x000041b8                Print::println(long, int)
                0x00004356                Print::println(double, int)
                0x00004042                Print::print(long, int)
                0x00004126                Print::println(unsigned long, int)
 .text          0x0000436c      0x460 C:\Users\derekja\workspace\SENG466RemoteStation\libmegaCore.a(WInterrupts.o)
                0x000044bc                __vector_1
                0x000046a6                __vector_6
                0x00004580                __vector_3
                0x0000436c                attachInterrupt
                0x00004464                detachInterrupt
                0x00004708                __vector_7
                0x00004644                __vector_5
                0x000045e2                __vector_4
                0x0000451e                __vector_2
                0x0000476a                __vector_8
 .text          0x000047cc      0x214 C:\Users\derekja\workspace\SENG466RemoteStation\libmegaCore.a(wiring.o)
                0x000047cc                __vector_23
                0x000049d4                __cxa_pure_virtual
                0x0000492c                init
                0x00004878                micros
                0x000048c4                delay
                0x0000485c                millis
                0x00004918                delayMicroseconds
 .text          0x000049e0      0x1ba C:\Users\derekja\workspace\SENG466RemoteStation\libmegaCore.a(wiring_analog.o)
                0x00004a46                analogWrite
                0x000049e0                analogReference
                0x000049e6                analogRead
 .text          0x00004b9a      0x1e6 C:\Users\derekja\workspace\SENG466RemoteStation\libmegaCore.a(wiring_digital.o)
                0x00004cac                digitalRead
                0x00004bda                digitalWrite
                0x00004b9a                pinMode
 .text          0x00004d80        0x0 C:\Users\derekja\workspace\SENG466RemoteStation\libmegaCore.a(pins_arduino.o)
 .text          0x00004d80        0x0 c:/winavr-20090313/bin/../lib/gcc/avr/4.3.2/avr51\libgcc.a(_mulsi3.o)
 .text          0x00004d80        0x0 c:/winavr-20090313/bin/../lib/gcc/avr/4.3.2/avr51\libgcc.a(_udivmodhi4.o)
 .text          0x00004d80        0x0 c:/winavr-20090313/bin/../lib/gcc/avr/4.3.2/avr51\libgcc.a(_divmodhi4.o)
 .text          0x00004d80        0x0 c:/winavr-20090313/bin/../lib/gcc/avr/4.3.2/avr51\libgcc.a(_udivmodsi4.o)
 .text          0x00004d80        0x0 c:/winavr-20090313/bin/../lib/gcc/avr/4.3.2/avr51\libgcc.a(_exit.o)
 .text          0x00004d80        0x0 c:/winavr-20090313/bin/../lib/gcc/avr/4.3.2/avr51\libgcc.a(_clear_bss.o)
 .text          0x00004d80        0x0 c:/winavr-20090313/bin/../lib/gcc/avr/4.3.2/avr51\libgcc.a(_ctors.o)
 .text          0x00004d80       0x58 c:/winavr-20090313/bin/../lib/gcc/avr/4.3.2/avr51\libgcc.a(_fixunssfsi.o)
                0x00004d80                __fixunssfsi
 .text          0x00004dd8      0x354 c:/winavr-20090313/bin/../lib/gcc/avr/4.3.2/avr51\libgcc.a(_addsub_sf.o)
                0x00005070                __subsf3
                0x000050d2                __addsf3
 .text          0x0000512c      0x1f4 c:/winavr-20090313/bin/../lib/gcc/avr/4.3.2/avr51\libgcc.a(_mul_sf.o)
                0x0000512c                __mulsf3
 .text          0x00005320      0x158 c:/winavr-20090313/bin/../lib/gcc/avr/4.3.2/avr51\libgcc.a(_div_sf.o)
                0x00005320                __divsf3
 .text          0x00005478       0x60 c:/winavr-20090313/bin/../lib/gcc/avr/4.3.2/avr51\libgcc.a(_gt_sf.o)
                0x00005478                __gtsf2
 .text          0x000054d8       0x60 c:/winavr-20090313/bin/../lib/gcc/avr/4.3.2/avr51\libgcc.a(_ge_sf.o)
                0x000054d8                __gesf2
 .text          0x00005538       0x60 c:/winavr-20090313/bin/../lib/gcc/avr/4.3.2/avr51\libgcc.a(_lt_sf.o)
                0x00005538                __ltsf2
 .text          0x00005598       0xbc c:/winavr-20090313/bin/../lib/gcc/avr/4.3.2/avr51\libgcc.a(_si_to_sf.o)
                0x00005598                __floatsisf
 .text          0x00005654       0xa8 c:/winavr-20090313/bin/../lib/gcc/avr/4.3.2/avr51\libgcc.a(_sf_to_si.o)
                0x00005654                __fixsfsi
 .text          0x000056fc        0x0 c:/winavr-20090313/bin/../lib/gcc/avr/4.3.2/avr51\libgcc.a(_thenan_sf.o)
 .text          0x000056fc       0xf2 c:/winavr-20090313/bin/../lib/gcc/avr/4.3.2/avr51\libgcc.a(_usi_to_sf.o)
                0x000056fc                __floatunsisf
 .text          0x000057ee        0x0 c:/winavr-20090313/bin/../lib/gcc/avr/4.3.2/avr51\libgcc.a(_prologue.o)
 .text          0x000057ee        0x0 c:/winavr-20090313/bin/../lib/gcc/avr/4.3.2/avr51\libgcc.a(_epilogue.o)
 .text          0x000057ee        0x0 c:/winavr-20090313/bin/../lib/gcc/avr/4.3.2/avr51\libgcc.a(_tablejump.o)
 .text          0x000057ee       0x9e c:/winavr-20090313/bin/../lib/gcc/avr/4.3.2/avr51\libgcc.a(_clzsi2.o)
                0x000057ee                __clzsi2
 .text          0x0000588c      0x1aa c:/winavr-20090313/bin/../lib/gcc/avr/4.3.2/avr51\libgcc.a(_pack_sf.o)
                0x0000588c                __pack_f
 .text          0x00005a36       0xf0 c:/winavr-20090313/bin/../lib/gcc/avr/4.3.2/avr51\libgcc.a(_unpack_sf.o)
                0x00005a36                __unpack_f
 .text          0x00005b26       0xb2 c:/winavr-20090313/bin/../lib/gcc/avr/4.3.2/avr51\libgcc.a(_fpcmp_parts_sf.o)
                0x00005b26                __fpcmp_parts_f
 .text          0x00005bd8        0x0 c:/winavr-20090313/bin/../lib/gcc/avr/4.3.2/avr51\libgcc.a(_clz.o)
                0x00005bd8                . = ALIGN (0x2)
 *(.text.*)
 .text.libgcc   0x00005bd8       0x3e c:/winavr-20090313/bin/../lib/gcc/avr/4.3.2/avr51\libgcc.a(_mulsi3.o)
                0x00005bd8                __mulsi3
 .text.libgcc   0x00005c16       0x28 c:/winavr-20090313/bin/../lib/gcc/avr/4.3.2/avr51\libgcc.a(_udivmodhi4.o)
                0x00005c16                __udivmodhi4
 .text.libgcc   0x00005c3e       0x26 c:/winavr-20090313/bin/../lib/gcc/avr/4.3.2/avr51\libgcc.a(_divmodhi4.o)
                0x00005c3e                __divmodhi4
                0x00005c3e                _div
 .text.libgcc   0x00005c64       0x44 c:/winavr-20090313/bin/../lib/gcc/avr/4.3.2/avr51\libgcc.a(_udivmodsi4.o)
                0x00005c64                __udivmodsi4
 .text.libgcc   0x00005ca8        0x0 c:/winavr-20090313/bin/../lib/gcc/avr/4.3.2/avr51\libgcc.a(_exit.o)
 .text.libgcc   0x00005ca8        0x0 c:/winavr-20090313/bin/../lib/gcc/avr/4.3.2/avr51\libgcc.a(_clear_bss.o)
 .text.libgcc   0x00005ca8        0x0 c:/winavr-20090313/bin/../lib/gcc/avr/4.3.2/avr51\libgcc.a(_ctors.o)
 .text.libgcc   0x00005ca8       0x38 c:/winavr-20090313/bin/../lib/gcc/avr/4.3.2/avr51\libgcc.a(_prologue.o)
                0x00005ca8                __prologue_saves__
 .text.libgcc   0x00005ce0       0x36 c:/winavr-20090313/bin/../lib/gcc/avr/4.3.2/avr51\libgcc.a(_epilogue.o)
                0x00005ce0                __epilogue_restores__
 .text.libgcc   0x00005d16        0xc c:/winavr-20090313/bin/../lib/gcc/avr/4.3.2/avr51\libgcc.a(_tablejump.o)
                0x00005d1a                __tablejump__
                0x00005d16                __tablejump2__
                0x00005d22                . = ALIGN (0x2)
 *(.fini9)
 .fini9         0x00005d22        0x0 c:/winavr-20090313/bin/../lib/gcc/avr/4.3.2/avr51\libgcc.a(_exit.o)
                0x00005d22                exit
                0x00005d22                _exit
 *(.fini9)
 *(.fini8)
 *(.fini8)
 *(.fini7)
 *(.fini7)
 *(.fini6)
 *(.fini6)
 *(.fini5)
 *(.fini5)
 *(.fini4)
 *(.fini4)
 *(.fini3)
 *(.fini3)
 *(.fini2)
 *(.fini2)
 *(.fini1)
 *(.fini1)
 *(.fini0)
 .fini0         0x00005d22        0x4 c:/winavr-20090313/bin/../lib/gcc/avr/4.3.2/avr51\libgcc.a(_exit.o)
 *(.fini0)
                0x00005d26                _etext = .

.data           0x00800200      0x296 load address 0x00005d26
                0x00800200                PROVIDE (__data_start, .)
 *(.data)
 .data          0x00800200        0x0 c:/winavr-20090313/bin/../lib/gcc/avr/4.3.2/../../../../avr/lib/avr51/crtm1280.o
 .data          0x00800200       0x29 ./Actuate.o
 .data          0x00800229       0x5c ./Control.o
                0x00800279                FOLLOW_WALL_KD_RIGHT
                0x00800275                state
                0x00800277                FOLLOW_WALL_KP_RIGHT
                0x0080027b                FOLLOW_WALL_KP_LEFT
                0x0080027d                FOLLOW_WALL_KD_LEFT
 .data          0x00800285        0xe ./main.o
                0x00800291                command
                0x0080028f                PT
                0x00800285                PPP
 .data          0x00800293       0xce ./radioclient.o
 .data          0x00800361        0x0 ./sonar.o
 .data          0x00800361       0x13 ./Radio/radio.o
 .data          0x00800374        0x0 ./Radio/spi.o
 .data          0x00800374        0x3 ./RTOS/os.o
 .data          0x00800377        0xa C:\Users\derekja\workspace\SENG466RemoteStation\libmegaCore.a(HardwareSerial.o)
                0x00800377                vtable for HardwareSerial
 .data          0x00800381        0xc C:\Users\derekja\workspace\SENG466RemoteStation\libmegaCore.a(Print.o)
                0x00800383                vtable for Print
 .data          0x0080038d        0x0 C:\Users\derekja\workspace\SENG466RemoteStation\libmegaCore.a(WInterrupts.o)
 .data          0x0080038d        0x0 C:\Users\derekja\workspace\SENG466RemoteStation\libmegaCore.a(wiring.o)
 .data          0x0080038d        0x1 C:\Users\derekja\workspace\SENG466RemoteStation\libmegaCore.a(wiring_analog.o)
                0x0080038d                analog_reference
 .data          0x0080038e        0x0 C:\Users\derekja\workspace\SENG466RemoteStation\libmegaCore.a(wiring_digital.o)
 .data          0x0080038e        0x0 C:\Users\derekja\workspace\SENG466RemoteStation\libmegaCore.a(pins_arduino.o)
 .data          0x0080038e        0x0 c:/winavr-20090313/bin/../lib/gcc/avr/4.3.2/avr51\libgcc.a(_mulsi3.o)
 .data          0x0080038e        0x0 c:/winavr-20090313/bin/../lib/gcc/avr/4.3.2/avr51\libgcc.a(_udivmodhi4.o)
 .data          0x0080038e        0x0 c:/winavr-20090313/bin/../lib/gcc/avr/4.3.2/avr51\libgcc.a(_divmodhi4.o)
 .data          0x0080038e        0x0 c:/winavr-20090313/bin/../lib/gcc/avr/4.3.2/avr51\libgcc.a(_udivmodsi4.o)
 .data          0x0080038e        0x0 c:/winavr-20090313/bin/../lib/gcc/avr/4.3.2/avr51\libgcc.a(_exit.o)
 .data          0x0080038e        0x0 c:/winavr-20090313/bin/../lib/gcc/avr/4.3.2/avr51\libgcc.a(_clear_bss.o)
 .data          0x0080038e        0x0 c:/winavr-20090313/bin/../lib/gcc/avr/4.3.2/avr51\libgcc.a(_ctors.o)
 .data          0x0080038e        0x0 c:/winavr-20090313/bin/../lib/gcc/avr/4.3.2/avr51\libgcc.a(_fixunssfsi.o)
 .data          0x0080038e        0x0 c:/winavr-20090313/bin/../lib/gcc/avr/4.3.2/avr51\libgcc.a(_addsub_sf.o)
 .data          0x0080038e        0x0 c:/winavr-20090313/bin/../lib/gcc/avr/4.3.2/avr51\libgcc.a(_mul_sf.o)
 .data          0x0080038e        0x0 c:/winavr-20090313/bin/../lib/gcc/avr/4.3.2/avr51\libgcc.a(_div_sf.o)
 .data          0x0080038e        0x0 c:/winavr-20090313/bin/../lib/gcc/avr/4.3.2/avr51\libgcc.a(_gt_sf.o)
 .data          0x0080038e        0x0 c:/winavr-20090313/bin/../lib/gcc/avr/4.3.2/avr51\libgcc.a(_ge_sf.o)
 .data          0x0080038e        0x0 c:/winavr-20090313/bin/../lib/gcc/avr/4.3.2/avr51\libgcc.a(_lt_sf.o)
 .data          0x0080038e        0x0 c:/winavr-20090313/bin/../lib/gcc/avr/4.3.2/avr51\libgcc.a(_si_to_sf.o)
 .data          0x0080038e        0x0 c:/winavr-20090313/bin/../lib/gcc/avr/4.3.2/avr51\libgcc.a(_sf_to_si.o)
 .data          0x0080038e        0x8 c:/winavr-20090313/bin/../lib/gcc/avr/4.3.2/avr51\libgcc.a(_thenan_sf.o)
                0x0080038e                __thenan_sf
 .data          0x00800396        0x0 c:/winavr-20090313/bin/../lib/gcc/avr/4.3.2/avr51\libgcc.a(_usi_to_sf.o)
 .data          0x00800396        0x0 c:/winavr-20090313/bin/../lib/gcc/avr/4.3.2/avr51\libgcc.a(_prologue.o)
 .data          0x00800396        0x0 c:/winavr-20090313/bin/../lib/gcc/avr/4.3.2/avr51\libgcc.a(_epilogue.o)
 .data          0x00800396        0x0 c:/winavr-20090313/bin/../lib/gcc/avr/4.3.2/avr51\libgcc.a(_tablejump.o)
 .data          0x00800396        0x0 c:/winavr-20090313/bin/../lib/gcc/avr/4.3.2/avr51\libgcc.a(_clzsi2.o)
 .data          0x00800396        0x0 c:/winavr-20090313/bin/../lib/gcc/avr/4.3.2/avr51\libgcc.a(_pack_sf.o)
 .data          0x00800396        0x0 c:/winavr-20090313/bin/../lib/gcc/avr/4.3.2/avr51\libgcc.a(_unpack_sf.o)
 .data          0x00800396        0x0 c:/winavr-20090313/bin/../lib/gcc/avr/4.3.2/avr51\libgcc.a(_fpcmp_parts_sf.o)
 .data          0x00800396      0x100 c:/winavr-20090313/bin/../lib/gcc/avr/4.3.2/avr51\libgcc.a(_clz.o)
                0x00800396                __clz_tab
 *(.data*)
 *(.rodata)
 *(.rodata*)
 *(.gnu.linkonce.d*)
                0x00800496                . = ALIGN (0x2)
                0x00800496                _edata = .
                0x00800496                PROVIDE (__data_end, .)

.bss            0x00800496      0xce3
                0x00800496                PROVIDE (__bss_start, .)
 *(.bss)
 .bss           0x00800496        0x0 c:/winavr-20090313/bin/../lib/gcc/avr/4.3.2/../../../../avr/lib/avr51/crtm1280.o
 .bss           0x00800496        0xc ./Actuate.o
                0x0080049e                left_propulsion_scaled
                0x00800496                old_left_propulsion
                0x0080049c                right_propulsion
                0x0080049a                left_propulsion
                0x008004a0                right_propulsion_scaled
                0x00800498                old_right_propulsion
 .bss           0x008004a2       0x14 ./Control.o
                0x008004ac                follow_wall_d_right
                0x008004b4                follow_wall_d_left
                0x008004ae                follow_wall_prev_error_left
                0x008004a2                speed_right
                0x008004b2                follow_wall_p_left
                0x008004a4                speed_left
                0x008004b0                follow_wall_error_left
                0x008004a6                follow_wall_prev_error_right
                0x008004a8                follow_wall_error_right
                0x008004aa                follow_wall_p_right
 .bss           0x008004b6        0x4 ./main.o
 .bss           0x008004ba       0x20 ./radioclient.o
 .bss           0x008004da       0x7d ./sonar.o
 .bss           0x00800557        0x1 ./Radio/radio.o
 .bss           0x00800558        0x0 ./Radio/spi.o
 .bss           0x00800558      0x9ac ./RTOS/os.o
 .bss           0x00800f04      0x25c C:\Users\derekja\workspace\SENG466RemoteStation\libmegaCore.a(HardwareSerial.o)
                0x00801127                Serial1
                0x00800f88                rx_buffer1
                0x0080114d                Serial3
                0x00800f04                rx_buffer
                0x00801114                Serial
                0x0080100c                rx_buffer2
                0x00801090                rx_buffer3
                0x0080113a                Serial2
 .bss           0x00801160        0x0 C:\Users\derekja\workspace\SENG466RemoteStation\libmegaCore.a(Print.o)
 .bss           0x00801160       0x10 C:\Users\derekja\workspace\SENG466RemoteStation\libmegaCore.a(WInterrupts.o)
 .bss           0x00801170        0x9 C:\Users\derekja\workspace\SENG466RemoteStation\libmegaCore.a(wiring.o)
                0x00801170                timer0_overflow_count
                0x00801174                timer0_millis
 .bss           0x00801179        0x0 C:\Users\derekja\workspace\SENG466RemoteStation\libmegaCore.a(wiring_analog.o)
 .bss           0x00801179        0x0 C:\Users\derekja\workspace\SENG466RemoteStation\libmegaCore.a(wiring_digital.o)
 .bss           0x00801179        0x0 C:\Users\derekja\workspace\SENG466RemoteStation\libmegaCore.a(pins_arduino.o)
 .bss           0x00801179        0x0 c:/winavr-20090313/bin/../lib/gcc/avr/4.3.2/avr51\libgcc.a(_mulsi3.o)
 .bss           0x00801179        0x0 c:/winavr-20090313/bin/../lib/gcc/avr/4.3.2/avr51\libgcc.a(_udivmodhi4.o)
 .bss           0x00801179        0x0 c:/winavr-20090313/bin/../lib/gcc/avr/4.3.2/avr51\libgcc.a(_divmodhi4.o)
 .bss           0x00801179        0x0 c:/winavr-20090313/bin/../lib/gcc/avr/4.3.2/avr51\libgcc.a(_udivmodsi4.o)
 .bss           0x00801179        0x0 c:/winavr-20090313/bin/../lib/gcc/avr/4.3.2/avr51\libgcc.a(_exit.o)
 .bss           0x00801179        0x0 c:/winavr-20090313/bin/../lib/gcc/avr/4.3.2/avr51\libgcc.a(_clear_bss.o)
 .bss           0x00801179        0x0 c:/winavr-20090313/bin/../lib/gcc/avr/4.3.2/avr51\libgcc.a(_ctors.o)
 .bss           0x00801179        0x0 c:/winavr-20090313/bin/../lib/gcc/avr/4.3.2/avr51\libgcc.a(_fixunssfsi.o)
 .bss           0x00801179        0x0 c:/winavr-20090313/bin/../lib/gcc/avr/4.3.2/avr51\libgcc.a(_addsub_sf.o)
 .bss           0x00801179        0x0 c:/winavr-20090313/bin/../lib/gcc/avr/4.3.2/avr51\libgcc.a(_mul_sf.o)
 .bss           0x00801179        0x0 c:/winavr-20090313/bin/../lib/gcc/avr/4.3.2/avr51\libgcc.a(_div_sf.o)
 .bss           0x00801179        0x0 c:/winavr-20090313/bin/../lib/gcc/avr/4.3.2/avr51\libgcc.a(_gt_sf.o)
 .bss           0x00801179        0x0 c:/winavr-20090313/bin/../lib/gcc/avr/4.3.2/avr51\libgcc.a(_ge_sf.o)
 .bss           0x00801179        0x0 c:/winavr-20090313/bin/../lib/gcc/avr/4.3.2/avr51\libgcc.a(_lt_sf.o)
 .bss           0x00801179        0x0 c:/winavr-20090313/bin/../lib/gcc/avr/4.3.2/avr51\libgcc.a(_si_to_sf.o)
 .bss           0x00801179        0x0 c:/winavr-20090313/bin/../lib/gcc/avr/4.3.2/avr51\libgcc.a(_sf_to_si.o)
 .bss           0x00801179        0x0 c:/winavr-20090313/bin/../lib/gcc/avr/4.3.2/avr51\libgcc.a(_thenan_sf.o)
 .bss           0x00801179        0x0 c:/winavr-20090313/bin/../lib/gcc/avr/4.3.2/avr51\libgcc.a(_usi_to_sf.o)
 .bss           0x00801179        0x0 c:/winavr-20090313/bin/../lib/gcc/avr/4.3.2/avr51\libgcc.a(_prologue.o)
 .bss           0x00801179        0x0 c:/winavr-20090313/bin/../lib/gcc/avr/4.3.2/avr51\libgcc.a(_epilogue.o)
 .bss           0x00801179        0x0 c:/winavr-20090313/bin/../lib/gcc/avr/4.3.2/avr51\libgcc.a(_tablejump.o)
 .bss           0x00801179        0x0 c:/winavr-20090313/bin/../lib/gcc/avr/4.3.2/avr51\libgcc.a(_clzsi2.o)
 .bss           0x00801179        0x0 c:/winavr-20090313/bin/../lib/gcc/avr/4.3.2/avr51\libgcc.a(_pack_sf.o)
 .bss           0x00801179        0x0 c:/winavr-20090313/bin/../lib/gcc/avr/4.3.2/avr51\libgcc.a(_unpack_sf.o)
 .bss           0x00801179        0x0 c:/winavr-20090313/bin/../lib/gcc/avr/4.3.2/avr51\libgcc.a(_fpcmp_parts_sf.o)
 .bss           0x00801179        0x0 c:/winavr-20090313/bin/../lib/gcc/avr/4.3.2/avr51\libgcc.a(_clz.o)
 *(.bss*)
 *(COMMON)
                0x00801179                PROVIDE (__bss_end, .)
                0x00005d26                __data_load_start = LOADADDR (.data)
                0x00005fbc                __data_load_end = (__data_load_start + SIZEOF (.data))

.noinit         0x00801179        0x0
                0x00801179                PROVIDE (__noinit_start, .)
 *(.noinit*)
                0x00801179                PROVIDE (__noinit_end, .)
                0x00801179                _end = .
                0x00801179                PROVIDE (__heap_start, .)

.eeprom         0x00810000        0x0
 *(.eeprom*)
                0x00810000                __eeprom_end = .

.fuse
 *(.fuse)
 *(.lfuse)
 *(.hfuse)
 *(.efuse)

.lock
 *(.lock*)

.signature
 *(.signature*)

.stab           0x00000000     0x5bb0
 *(.stab)
 .stab          0x00000000      0x5f4 ./Actuate.o
 .stab          0x000005f4      0x6e4 ./Control.o
                                0x6f0 (size before relaxing)
 .stab          0x00000cd8      0x648 ./main.o
                                0x654 (size before relaxing)
 .stab          0x00001320      0x720 ./radioclient.o
                                0x72c (size before relaxing)
 .stab          0x00001a40      0xc00 ./sonar.o
                                0xc0c (size before relaxing)
 .stab          0x00002640     0x1548 ./Radio/radio.o
                               0x1554 (size before relaxing)
 .stab          0x00003b88      0x5ac ./Radio/spi.o
                                0x5b8 (size before relaxing)
 .stab          0x00004134     0x1a7c ./RTOS/os.o
                               0x1a88 (size before relaxing)

.stabstr        0x00000000     0x3c12
 *(.stabstr)
 .stabstr       0x00000000     0x3c12 ./Actuate.o

.stab.excl
 *(.stab.excl)

.stab.exclstr
 *(.stab.exclstr)

.stab.index
 *(.stab.index)

.stab.indexstr
 *(.stab.indexstr)

.comment
 *(.comment)

.debug
 *(.debug)

.line
 *(.line)

.debug_srcinfo
 *(.debug_srcinfo)

.debug_sfnames
 *(.debug_sfnames)

.debug_aranges
 *(.debug_aranges)

.debug_pubnames
 *(.debug_pubnames)

.debug_info
 *(.debug_info)
 *(.gnu.linkonce.wi.*)

.debug_abbrev
 *(.debug_abbrev)

.debug_line
 *(.debug_line)

.debug_frame
 *(.debug_frame)

.debug_str
 *(.debug_str)

.debug_loc
 *(.debug_loc)

.debug_macinfo
 *(.debug_macinfo)
OUTPUT(SENG466.elf elf32-avr)
LOAD linker stubs

Cross Reference Table

Symbol                                            File
Broadcast_And_Next                                ./RTOS/os.o
Event_Broadcast                                   ./RTOS/os.o
Event_Init                                        ./RTOS/os.o
Event_Signal                                      ./RTOS/os.o
Event_Wait                                        ./RTOS/os.o
FOLLOW_WALL_KD_LEFT                               ./Control.o
FOLLOW_WALL_KD_RIGHT                              ./Control.o
FOLLOW_WALL_KP_LEFT                               ./Control.o
FOLLOW_WALL_KP_RIGHT                              ./Control.o
HardwareSerial::HardwareSerial(ring_buffer*, unsigned char volatile*, unsigned char volatile*, unsigned char volatile*, unsigned char volatile*, unsigned char volatile*, unsigned char, unsigned char, unsigned char, unsigned char, unsigned char) C:\Users\derekja\workspace\SENG466RemoteStation\libmegaCore.a(HardwareSerial.o)
HardwareSerial::HardwareSerial(ring_buffer*, unsigned char volatile*, unsigned char volatile*, unsigned char volatile*, unsigned char volatile*, unsigned char volatile*, unsigned char, unsigned char, unsigned char, unsigned char, unsigned char) C:\Users\derekja\workspace\SENG466RemoteStation\libmegaCore.a(HardwareSerial.o)
HardwareSerial::available()                       C:\Users\derekja\workspace\SENG466RemoteStation\libmegaCore.a(HardwareSerial.o)
HardwareSerial::begin(long)                       C:\Users\derekja\workspace\SENG466RemoteStation\libmegaCore.a(HardwareSerial.o)
                                                  ./main.o
HardwareSerial::end()                             C:\Users\derekja\workspace\SENG466RemoteStation\libmegaCore.a(HardwareSerial.o)
HardwareSerial::flush()                           C:\Users\derekja\workspace\SENG466RemoteStation\libmegaCore.a(HardwareSerial.o)
HardwareSerial::read()                            C:\Users\derekja\workspace\SENG466RemoteStation\libmegaCore.a(HardwareSerial.o)
HardwareSerial::write(unsigned char)              C:\Users\derekja\workspace\SENG466RemoteStation\libmegaCore.a(HardwareSerial.o)
OS_Abort                                          ./RTOS/os.o
OS_Init                                           ./RTOS/os.o
PPP                                               ./main.o
                                                  ./RTOS/os.o
PT                                                ./main.o
                                                  ./RTOS/os.o
Print::print(char const*)                         C:\Users\derekja\workspace\SENG466RemoteStation\libmegaCore.a(Print.o)
                                                  ./Control.o
                                                  ./Actuate.o
Print::print(char, int)                           C:\Users\derekja\workspace\SENG466RemoteStation\libmegaCore.a(Print.o)
Print::print(double, int)                         C:\Users\derekja\workspace\SENG466RemoteStation\libmegaCore.a(Print.o)
Print::print(int, int)                            C:\Users\derekja\workspace\SENG466RemoteStation\libmegaCore.a(Print.o)
Print::print(long, int)                           C:\Users\derekja\workspace\SENG466RemoteStation\libmegaCore.a(Print.o)
Print::print(unsigned char, int)                  C:\Users\derekja\workspace\SENG466RemoteStation\libmegaCore.a(Print.o)
Print::print(unsigned int, int)                   C:\Users\derekja\workspace\SENG466RemoteStation\libmegaCore.a(Print.o)
Print::print(unsigned long, int)                  C:\Users\derekja\workspace\SENG466RemoteStation\libmegaCore.a(Print.o)
Print::printFloat(double, unsigned char)          C:\Users\derekja\workspace\SENG466RemoteStation\libmegaCore.a(Print.o)
Print::printNumber(unsigned long, unsigned char)  C:\Users\derekja\workspace\SENG466RemoteStation\libmegaCore.a(Print.o)
Print::println()                                  C:\Users\derekja\workspace\SENG466RemoteStation\libmegaCore.a(Print.o)
Print::println(char const*)                       C:\Users\derekja\workspace\SENG466RemoteStation\libmegaCore.a(Print.o)
                                                  ./radioclient.o
                                                  ./Control.o
Print::println(char, int)                         C:\Users\derekja\workspace\SENG466RemoteStation\libmegaCore.a(Print.o)
Print::println(double, int)                       C:\Users\derekja\workspace\SENG466RemoteStation\libmegaCore.a(Print.o)
Print::println(int, int)                          C:\Users\derekja\workspace\SENG466RemoteStation\libmegaCore.a(Print.o)
                                                  ./Control.o
                                                  ./Actuate.o
Print::println(long, int)                         C:\Users\derekja\workspace\SENG466RemoteStation\libmegaCore.a(Print.o)
Print::println(unsigned char, int)                C:\Users\derekja\workspace\SENG466RemoteStation\libmegaCore.a(Print.o)
Print::println(unsigned int, int)                 C:\Users\derekja\workspace\SENG466RemoteStation\libmegaCore.a(Print.o)
Print::println(unsigned long, int)                C:\Users\derekja\workspace\SENG466RemoteStation\libmegaCore.a(Print.o)
Print::write(char const*)                         C:\Users\derekja\workspace\SENG466RemoteStation\libmegaCore.a(Print.o)
                                                  C:\Users\derekja\workspace\SENG466RemoteStation\libmegaCore.a(HardwareSerial.o)
Print::write(unsigned char const*, unsigned int)  C:\Users\derekja\workspace\SENG466RemoteStation\libmegaCore.a(Print.o)
                                                  C:\Users\derekja\workspace\SENG466RemoteStation\libmegaCore.a(HardwareSerial.o)
Radio_Configure(_radio_dr, _radio_tx_power)       ./Radio/radio.o
                                                  ./radioclient.o
Radio_Configure_Rx(_radio_pipe, unsigned char*, _ed) ./Radio/radio.o
                                                  ./radioclient.o
Radio_Drop_Rate()                                 ./Radio/radio.o
Radio_Init()                                      ./Radio/radio.o
                                                  ./radioclient.o
Radio_Receive(_rp*)                               ./Radio/radio.o
                                                  ./radioclient.o
Radio_Set_Tx_Addr(unsigned char*)                 ./Radio/radio.o
                                                  ./radioclient.o
Radio_Transmit(_rp*, _radio_tx_wait)              ./Radio/radio.o
                                                  ./radioclient.o
SPI_Init()                                        ./Radio/spi.o
                                                  ./Radio/radio.o
SPI_ReadWrite_Block(unsigned char*, unsigned char*, unsigned char) ./Radio/spi.o
                                                  ./Radio/radio.o
SPI_Write_Block(unsigned char*, unsigned char)    ./Radio/spi.o
                                                  ./Radio/radio.o
SPI_Write_Byte(unsigned char)                     ./Radio/spi.o
                                                  ./Radio/radio.o
Serial                                            C:\Users\derekja\workspace\SENG466RemoteStation\libmegaCore.a(HardwareSerial.o)
                                                  ./radioclient.o
                                                  ./main.o
                                                  ./Control.o
                                                  ./Actuate.o
Serial1                                           C:\Users\derekja\workspace\SENG466RemoteStation\libmegaCore.a(HardwareSerial.o)
Serial2                                           C:\Users\derekja\workspace\SENG466RemoteStation\libmegaCore.a(HardwareSerial.o)
Serial3                                           C:\Users\derekja\workspace\SENG466RemoteStation\libmegaCore.a(HardwareSerial.o)
Signal_And_Next                                   ./RTOS/os.o
Task_Create                                       ./RTOS/os.o
                                                  ./main.o
Task_GetArg                                       ./RTOS/os.o
Task_Next                                         ./RTOS/os.o
                                                  ./main.o
Task_Terminate                                    ./RTOS/os.o
__addsf3                                          c:/winavr-20090313/bin/../lib/gcc/avr/4.3.2/avr51\libgcc.a(_addsub_sf.o)
                                                  C:\Users\derekja\workspace\SENG466RemoteStation\libmegaCore.a(Print.o)
__bad_interrupt                                   c:/winavr-20090313/bin/../lib/gcc/avr/4.3.2/../../../../avr/lib/avr51/crtm1280.o
__bss_end                                         c:/winavr-20090313/bin/../lib/gcc/avr/4.3.2/avr51\libgcc.a(_clear_bss.o)
__bss_start                                       c:/winavr-20090313/bin/../lib/gcc/avr/4.3.2/avr51\libgcc.a(_clear_bss.o)
__clz_tab                                         c:/winavr-20090313/bin/../lib/gcc/avr/4.3.2/avr51\libgcc.a(_clz.o)
                                                  c:/winavr-20090313/bin/../lib/gcc/avr/4.3.2/avr51\libgcc.a(_clzsi2.o)
__clzsi2                                          c:/winavr-20090313/bin/../lib/gcc/avr/4.3.2/avr51\libgcc.a(_clzsi2.o)
                                                  c:/winavr-20090313/bin/../lib/gcc/avr/4.3.2/avr51\libgcc.a(_usi_to_sf.o)
                                                  c:/winavr-20090313/bin/../lib/gcc/avr/4.3.2/avr51\libgcc.a(_si_to_sf.o)
__ctors_end                                       c:/winavr-20090313/bin/../lib/gcc/avr/4.3.2/avr51\libgcc.a(_ctors.o)
__ctors_start                                     c:/winavr-20090313/bin/../lib/gcc/avr/4.3.2/avr51\libgcc.a(_ctors.o)
__cxa_pure_virtual                                C:\Users\derekja\workspace\SENG466RemoteStation\libmegaCore.a(wiring.o)
                                                  C:\Users\derekja\workspace\SENG466RemoteStation\libmegaCore.a(Print.o)
__data_end                                        c:/winavr-20090313/bin/../lib/gcc/avr/4.3.2/../../../../avr/lib/avr51/crtm1280.o
__data_load_start                                 c:/winavr-20090313/bin/../lib/gcc/avr/4.3.2/../../../../avr/lib/avr51/crtm1280.o
__data_start                                      c:/winavr-20090313/bin/../lib/gcc/avr/4.3.2/../../../../avr/lib/avr51/crtm1280.o
__divmodhi4                                       c:/winavr-20090313/bin/../lib/gcc/avr/4.3.2/avr51\libgcc.a(_divmodhi4.o)
                                                  C:\Users\derekja\workspace\SENG466RemoteStation\libmegaCore.a(HardwareSerial.o)
__divsf3                                          c:/winavr-20090313/bin/../lib/gcc/avr/4.3.2/avr51\libgcc.a(_div_sf.o)
                                                  C:\Users\derekja\workspace\SENG466RemoteStation\libmegaCore.a(Print.o)
                                                  ./sonar.o
__do_clear_bss                                    c:/winavr-20090313/bin/../lib/gcc/avr/4.3.2/avr51\libgcc.a(_clear_bss.o)
                                                  C:\Users\derekja\workspace\SENG466RemoteStation\libmegaCore.a(wiring.o)
                                                  C:\Users\derekja\workspace\SENG466RemoteStation\libmegaCore.a(WInterrupts.o)
                                                  C:\Users\derekja\workspace\SENG466RemoteStation\libmegaCore.a(HardwareSerial.o)
                                                  ./RTOS/os.o
                                                  ./Radio/radio.o
                                                  ./sonar.o
                                                  ./radioclient.o
                                                  ./main.o
                                                  ./Control.o
                                                  ./Actuate.o
__do_copy_data                                    c:/winavr-20090313/bin/../lib/gcc/avr/4.3.2/../../../../avr/lib/avr51/crtm1280.o
                                                  c:/winavr-20090313/bin/../lib/gcc/avr/4.3.2/avr51\libgcc.a(_clz.o)
                                                  c:/winavr-20090313/bin/../lib/gcc/avr/4.3.2/avr51\libgcc.a(_thenan_sf.o)
                                                  C:\Users\derekja\workspace\SENG466RemoteStation\libmegaCore.a(wiring_analog.o)
                                                  C:\Users\derekja\workspace\SENG466RemoteStation\libmegaCore.a(Print.o)
                                                  C:\Users\derekja\workspace\SENG466RemoteStation\libmegaCore.a(HardwareSerial.o)
                                                  ./RTOS/os.o
                                                  ./Radio/radio.o
                                                  ./radioclient.o
                                                  ./main.o
                                                  ./Control.o
                                                  ./Actuate.o
__do_global_ctors                                 c:/winavr-20090313/bin/../lib/gcc/avr/4.3.2/avr51\libgcc.a(_ctors.o)
                                                  C:\Users\derekja\workspace\SENG466RemoteStation\libmegaCore.a(HardwareSerial.o)
__epilogue_restores__                             c:/winavr-20090313/bin/../lib/gcc/avr/4.3.2/avr51\libgcc.a(_epilogue.o)
                                                  c:/winavr-20090313/bin/../lib/gcc/avr/4.3.2/avr51\libgcc.a(_usi_to_sf.o)
                                                  c:/winavr-20090313/bin/../lib/gcc/avr/4.3.2/avr51\libgcc.a(_sf_to_si.o)
                                                  c:/winavr-20090313/bin/../lib/gcc/avr/4.3.2/avr51\libgcc.a(_si_to_sf.o)
                                                  c:/winavr-20090313/bin/../lib/gcc/avr/4.3.2/avr51\libgcc.a(_lt_sf.o)
                                                  c:/winavr-20090313/bin/../lib/gcc/avr/4.3.2/avr51\libgcc.a(_ge_sf.o)
                                                  c:/winavr-20090313/bin/../lib/gcc/avr/4.3.2/avr51\libgcc.a(_gt_sf.o)
                                                  c:/winavr-20090313/bin/../lib/gcc/avr/4.3.2/avr51\libgcc.a(_div_sf.o)
                                                  c:/winavr-20090313/bin/../lib/gcc/avr/4.3.2/avr51\libgcc.a(_mul_sf.o)
                                                  c:/winavr-20090313/bin/../lib/gcc/avr/4.3.2/avr51\libgcc.a(_addsub_sf.o)
__fixsfsi                                         c:/winavr-20090313/bin/../lib/gcc/avr/4.3.2/avr51\libgcc.a(_sf_to_si.o)
                                                  c:/winavr-20090313/bin/../lib/gcc/avr/4.3.2/avr51\libgcc.a(_fixunssfsi.o)
                                                  C:\Users\derekja\workspace\SENG466RemoteStation\libmegaCore.a(Print.o)
                                                  ./Actuate.o
__fixunssfsi                                      c:/winavr-20090313/bin/../lib/gcc/avr/4.3.2/avr51\libgcc.a(_fixunssfsi.o)
                                                  C:\Users\derekja\workspace\SENG466RemoteStation\libmegaCore.a(Print.o)
                                                  ./RTOS/os.o
                                                  ./Radio/radio.o
                                                  ./sonar.o
__floatsisf                                       c:/winavr-20090313/bin/../lib/gcc/avr/4.3.2/avr51\libgcc.a(_si_to_sf.o)
                                                  C:\Users\derekja\workspace\SENG466RemoteStation\libmegaCore.a(Print.o)
                                                  ./Actuate.o
__floatunsisf                                     c:/winavr-20090313/bin/../lib/gcc/avr/4.3.2/avr51\libgcc.a(_usi_to_sf.o)
                                                  C:\Users\derekja\workspace\SENG466RemoteStation\libmegaCore.a(Print.o)
                                                  ./sonar.o
__fpcmp_parts_f                                   c:/winavr-20090313/bin/../lib/gcc/avr/4.3.2/avr51\libgcc.a(_fpcmp_parts_sf.o)
                                                  c:/winavr-20090313/bin/../lib/gcc/avr/4.3.2/avr51\libgcc.a(_lt_sf.o)
                                                  c:/winavr-20090313/bin/../lib/gcc/avr/4.3.2/avr51\libgcc.a(_ge_sf.o)
                                                  c:/winavr-20090313/bin/../lib/gcc/avr/4.3.2/avr51\libgcc.a(_gt_sf.o)
__gesf2                                           c:/winavr-20090313/bin/../lib/gcc/avr/4.3.2/avr51\libgcc.a(_ge_sf.o)
                                                  c:/winavr-20090313/bin/../lib/gcc/avr/4.3.2/avr51\libgcc.a(_fixunssfsi.o)
__gtsf2                                           c:/winavr-20090313/bin/../lib/gcc/avr/4.3.2/avr51\libgcc.a(_gt_sf.o)
                                                  ./RTOS/os.o
                                                  ./Radio/radio.o
                                                  ./sonar.o
__heap_end                                        c:/winavr-20090313/bin/../lib/gcc/avr/4.3.2/../../../../avr/lib/avr51/crtm1280.o
__init                                            c:/winavr-20090313/bin/../lib/gcc/avr/4.3.2/../../../../avr/lib/avr51/crtm1280.o
__ltsf2                                           c:/winavr-20090313/bin/../lib/gcc/avr/4.3.2/avr51\libgcc.a(_lt_sf.o)
                                                  C:\Users\derekja\workspace\SENG466RemoteStation\libmegaCore.a(Print.o)
                                                  ./RTOS/os.o
                                                  ./Radio/radio.o
                                                  ./sonar.o
__mulsf3                                          c:/winavr-20090313/bin/../lib/gcc/avr/4.3.2/avr51\libgcc.a(_mul_sf.o)
                                                  C:\Users\derekja\workspace\SENG466RemoteStation\libmegaCore.a(Print.o)
                                                  ./RTOS/os.o
                                                  ./Radio/radio.o
                                                  ./sonar.o
                                                  ./Actuate.o
__mulsi3                                          c:/winavr-20090313/bin/../lib/gcc/avr/4.3.2/avr51\libgcc.a(_mulsi3.o)
                                                  C:\Users\derekja\workspace\SENG466RemoteStation\libmegaCore.a(HardwareSerial.o)
__pack_f                                          c:/winavr-20090313/bin/../lib/gcc/avr/4.3.2/avr51\libgcc.a(_pack_sf.o)
                                                  c:/winavr-20090313/bin/../lib/gcc/avr/4.3.2/avr51\libgcc.a(_usi_to_sf.o)
                                                  c:/winavr-20090313/bin/../lib/gcc/avr/4.3.2/avr51\libgcc.a(_si_to_sf.o)
                                                  c:/winavr-20090313/bin/../lib/gcc/avr/4.3.2/avr51\libgcc.a(_div_sf.o)
                                                  c:/winavr-20090313/bin/../lib/gcc/avr/4.3.2/avr51\libgcc.a(_mul_sf.o)
                                                  c:/winavr-20090313/bin/../lib/gcc/avr/4.3.2/avr51\libgcc.a(_addsub_sf.o)
__prologue_saves__                                c:/winavr-20090313/bin/../lib/gcc/avr/4.3.2/avr51\libgcc.a(_prologue.o)
                                                  c:/winavr-20090313/bin/../lib/gcc/avr/4.3.2/avr51\libgcc.a(_usi_to_sf.o)
                                                  c:/winavr-20090313/bin/../lib/gcc/avr/4.3.2/avr51\libgcc.a(_sf_to_si.o)
                                                  c:/winavr-20090313/bin/../lib/gcc/avr/4.3.2/avr51\libgcc.a(_si_to_sf.o)
                                                  c:/winavr-20090313/bin/../lib/gcc/avr/4.3.2/avr51\libgcc.a(_lt_sf.o)
                                                  c:/winavr-20090313/bin/../lib/gcc/avr/4.3.2/avr51\libgcc.a(_ge_sf.o)
                                                  c:/winavr-20090313/bin/../lib/gcc/avr/4.3.2/avr51\libgcc.a(_gt_sf.o)
                                                  c:/winavr-20090313/bin/../lib/gcc/avr/4.3.2/avr51\libgcc.a(_div_sf.o)
                                                  c:/winavr-20090313/bin/../lib/gcc/avr/4.3.2/avr51\libgcc.a(_mul_sf.o)
                                                  c:/winavr-20090313/bin/../lib/gcc/avr/4.3.2/avr51\libgcc.a(_addsub_sf.o)
__stack                                           c:/winavr-20090313/bin/../lib/gcc/avr/4.3.2/../../../../avr/lib/avr51/crtm1280.o
__subsf3                                          c:/winavr-20090313/bin/../lib/gcc/avr/4.3.2/avr51\libgcc.a(_addsub_sf.o)
                                                  c:/winavr-20090313/bin/../lib/gcc/avr/4.3.2/avr51\libgcc.a(_fixunssfsi.o)
                                                  C:\Users\derekja\workspace\SENG466RemoteStation\libmegaCore.a(Print.o)
__tablejump2__                                    c:/winavr-20090313/bin/../lib/gcc/avr/4.3.2/avr51\libgcc.a(_tablejump.o)
__tablejump__                                     c:/winavr-20090313/bin/../lib/gcc/avr/4.3.2/avr51\libgcc.a(_tablejump.o)
                                                  c:/winavr-20090313/bin/../lib/gcc/avr/4.3.2/avr51\libgcc.a(_ctors.o)
__thenan_sf                                       c:/winavr-20090313/bin/../lib/gcc/avr/4.3.2/avr51\libgcc.a(_thenan_sf.o)
                                                  c:/winavr-20090313/bin/../lib/gcc/avr/4.3.2/avr51\libgcc.a(_div_sf.o)
                                                  c:/winavr-20090313/bin/../lib/gcc/avr/4.3.2/avr51\libgcc.a(_mul_sf.o)
                                                  c:/winavr-20090313/bin/../lib/gcc/avr/4.3.2/avr51\libgcc.a(_addsub_sf.o)
__udivmodhi4                                      c:/winavr-20090313/bin/../lib/gcc/avr/4.3.2/avr51\libgcc.a(_udivmodhi4.o)
                                                  c:/winavr-20090313/bin/../lib/gcc/avr/4.3.2/avr51\libgcc.a(_divmodhi4.o)
                                                  ./sonar.o
__udivmodsi4                                      c:/winavr-20090313/bin/../lib/gcc/avr/4.3.2/avr51\libgcc.a(_udivmodsi4.o)
                                                  C:\Users\derekja\workspace\SENG466RemoteStation\libmegaCore.a(Print.o)
                                                  C:\Users\derekja\workspace\SENG466RemoteStation\libmegaCore.a(HardwareSerial.o)
__unpack_f                                        c:/winavr-20090313/bin/../lib/gcc/avr/4.3.2/avr51\libgcc.a(_unpack_sf.o)
                                                  c:/winavr-20090313/bin/../lib/gcc/avr/4.3.2/avr51\libgcc.a(_sf_to_si.o)
                                                  c:/winavr-20090313/bin/../lib/gcc/avr/4.3.2/avr51\libgcc.a(_lt_sf.o)
                                                  c:/winavr-20090313/bin/../lib/gcc/avr/4.3.2/avr51\libgcc.a(_ge_sf.o)
                                                  c:/winavr-20090313/bin/../lib/gcc/avr/4.3.2/avr51\libgcc.a(_gt_sf.o)
                                                  c:/winavr-20090313/bin/../lib/gcc/avr/4.3.2/avr51\libgcc.a(_div_sf.o)
                                                  c:/winavr-20090313/bin/../lib/gcc/avr/4.3.2/avr51\libgcc.a(_mul_sf.o)
                                                  c:/winavr-20090313/bin/../lib/gcc/avr/4.3.2/avr51\libgcc.a(_addsub_sf.o)
__vector_1                                        C:\Users\derekja\workspace\SENG466RemoteStation\libmegaCore.a(WInterrupts.o)
                                                  c:/winavr-20090313/bin/../lib/gcc/avr/4.3.2/../../../../avr/lib/avr51/crtm1280.o
__vector_10                                       c:/winavr-20090313/bin/../lib/gcc/avr/4.3.2/../../../../avr/lib/avr51/crtm1280.o
__vector_11                                       c:/winavr-20090313/bin/../lib/gcc/avr/4.3.2/../../../../avr/lib/avr51/crtm1280.o
__vector_12                                       c:/winavr-20090313/bin/../lib/gcc/avr/4.3.2/../../../../avr/lib/avr51/crtm1280.o
__vector_13                                       c:/winavr-20090313/bin/../lib/gcc/avr/4.3.2/../../../../avr/lib/avr51/crtm1280.o
__vector_14                                       c:/winavr-20090313/bin/../lib/gcc/avr/4.3.2/../../../../avr/lib/avr51/crtm1280.o
__vector_15                                       c:/winavr-20090313/bin/../lib/gcc/avr/4.3.2/../../../../avr/lib/avr51/crtm1280.o
__vector_16                                       c:/winavr-20090313/bin/../lib/gcc/avr/4.3.2/../../../../avr/lib/avr51/crtm1280.o
__vector_17                                       ./RTOS/os.o
                                                  c:/winavr-20090313/bin/../lib/gcc/avr/4.3.2/../../../../avr/lib/avr51/crtm1280.o
__vector_18                                       c:/winavr-20090313/bin/../lib/gcc/avr/4.3.2/../../../../avr/lib/avr51/crtm1280.o
__vector_19                                       c:/winavr-20090313/bin/../lib/gcc/avr/4.3.2/../../../../avr/lib/avr51/crtm1280.o
__vector_2                                        C:\Users\derekja\workspace\SENG466RemoteStation\libmegaCore.a(WInterrupts.o)
                                                  c:/winavr-20090313/bin/../lib/gcc/avr/4.3.2/../../../../avr/lib/avr51/crtm1280.o
__vector_20                                       c:/winavr-20090313/bin/../lib/gcc/avr/4.3.2/../../../../avr/lib/avr51/crtm1280.o
__vector_21                                       c:/winavr-20090313/bin/../lib/gcc/avr/4.3.2/../../../../avr/lib/avr51/crtm1280.o
__vector_22                                       c:/winavr-20090313/bin/../lib/gcc/avr/4.3.2/../../../../avr/lib/avr51/crtm1280.o
__vector_23                                       C:\Users\derekja\workspace\SENG466RemoteStation\libmegaCore.a(wiring.o)
                                                  c:/winavr-20090313/bin/../lib/gcc/avr/4.3.2/../../../../avr/lib/avr51/crtm1280.o
__vector_24                                       c:/winavr-20090313/bin/../lib/gcc/avr/4.3.2/../../../../avr/lib/avr51/crtm1280.o
__vector_25                                       C:\Users\derekja\workspace\SENG466RemoteStation\libmegaCore.a(HardwareSerial.o)
                                                  c:/winavr-20090313/bin/../lib/gcc/avr/4.3.2/../../../../avr/lib/avr51/crtm1280.o
__vector_26                                       c:/winavr-20090313/bin/../lib/gcc/avr/4.3.2/../../../../avr/lib/avr51/crtm1280.o
__vector_27                                       c:/winavr-20090313/bin/../lib/gcc/avr/4.3.2/../../../../avr/lib/avr51/crtm1280.o
__vector_28                                       c:/winavr-20090313/bin/../lib/gcc/avr/4.3.2/../../../../avr/lib/avr51/crtm1280.o
__vector_29                                       c:/winavr-20090313/bin/../lib/gcc/avr/4.3.2/../../../../avr/lib/avr51/crtm1280.o
__vector_3                                        C:\Users\derekja\workspace\SENG466RemoteStation\libmegaCore.a(WInterrupts.o)
                                                  c:/winavr-20090313/bin/../lib/gcc/avr/4.3.2/../../../../avr/lib/avr51/crtm1280.o
__vector_30                                       c:/winavr-20090313/bin/../lib/gcc/avr/4.3.2/../../../../avr/lib/avr51/crtm1280.o
__vector_31                                       ./sonar.o
                                                  c:/winavr-20090313/bin/../lib/gcc/avr/4.3.2/../../../../avr/lib/avr51/crtm1280.o
__vector_32                                       c:/winavr-20090313/bin/../lib/gcc/avr/4.3.2/../../../../avr/lib/avr51/crtm1280.o
__vector_33                                       c:/winavr-20090313/bin/../lib/gcc/avr/4.3.2/../../../../avr/lib/avr51/crtm1280.o
__vector_34                                       c:/winavr-20090313/bin/../lib/gcc/avr/4.3.2/../../../../avr/lib/avr51/crtm1280.o
__vector_35                                       c:/winavr-20090313/bin/../lib/gcc/avr/4.3.2/../../../../avr/lib/avr51/crtm1280.o
__vector_36                                       C:\Users\derekja\workspace\SENG466RemoteStation\libmegaCore.a(HardwareSerial.o)
                                                  c:/winavr-20090313/bin/../lib/gcc/avr/4.3.2/../../../../avr/lib/avr51/crtm1280.o
__vector_37                                       c:/winavr-20090313/bin/../lib/gcc/avr/4.3.2/../../../../avr/lib/avr51/crtm1280.o
__vector_38                                       c:/winavr-20090313/bin/../lib/gcc/avr/4.3.2/../../../../avr/lib/avr51/crtm1280.o
__vector_39                                       c:/winavr-20090313/bin/../lib/gcc/avr/4.3.2/../../../../avr/lib/avr51/crtm1280.o
__vector_4                                        C:\Users\derekja\workspace\SENG466RemoteStation\libmegaCore.a(WInterrupts.o)
                                                  c:/winavr-20090313/bin/../lib/gcc/avr/4.3.2/../../../../avr/lib/avr51/crtm1280.o
__vector_40                                       c:/winavr-20090313/bin/../lib/gcc/avr/4.3.2/../../../../avr/lib/avr51/crtm1280.o
__vector_41                                       ./sonar.o
                                                  c:/winavr-20090313/bin/../lib/gcc/avr/4.3.2/../../../../avr/lib/avr51/crtm1280.o
__vector_42                                       c:/winavr-20090313/bin/../lib/gcc/avr/4.3.2/../../../../avr/lib/avr51/crtm1280.o
__vector_43                                       c:/winavr-20090313/bin/../lib/gcc/avr/4.3.2/../../../../avr/lib/avr51/crtm1280.o
__vector_44                                       c:/winavr-20090313/bin/../lib/gcc/avr/4.3.2/../../../../avr/lib/avr51/crtm1280.o
__vector_45                                       c:/winavr-20090313/bin/../lib/gcc/avr/4.3.2/../../../../avr/lib/avr51/crtm1280.o
__vector_46                                       c:/winavr-20090313/bin/../lib/gcc/avr/4.3.2/../../../../avr/lib/avr51/crtm1280.o
__vector_47                                       c:/winavr-20090313/bin/../lib/gcc/avr/4.3.2/../../../../avr/lib/avr51/crtm1280.o
__vector_48                                       c:/winavr-20090313/bin/../lib/gcc/avr/4.3.2/../../../../avr/lib/avr51/crtm1280.o
__vector_49                                       c:/winavr-20090313/bin/../lib/gcc/avr/4.3.2/../../../../avr/lib/avr51/crtm1280.o
__vector_5                                        C:\Users\derekja\workspace\SENG466RemoteStation\libmegaCore.a(WInterrupts.o)
                                                  c:/winavr-20090313/bin/../lib/gcc/avr/4.3.2/../../../../avr/lib/avr51/crtm1280.o
__vector_50                                       c:/winavr-20090313/bin/../lib/gcc/avr/4.3.2/../../../../avr/lib/avr51/crtm1280.o
__vector_51                                       C:\Users\derekja\workspace\SENG466RemoteStation\libmegaCore.a(HardwareSerial.o)
                                                  c:/winavr-20090313/bin/../lib/gcc/avr/4.3.2/../../../../avr/lib/avr51/crtm1280.o
__vector_52                                       c:/winavr-20090313/bin/../lib/gcc/avr/4.3.2/../../../../avr/lib/avr51/crtm1280.o
__vector_53                                       c:/winavr-20090313/bin/../lib/gcc/avr/4.3.2/../../../../avr/lib/avr51/crtm1280.o
__vector_54                                       C:\Users\derekja\workspace\SENG466RemoteStation\libmegaCore.a(HardwareSerial.o)
                                                  c:/winavr-20090313/bin/../lib/gcc/avr/4.3.2/../../../../avr/lib/avr51/crtm1280.o
__vector_55                                       c:/winavr-20090313/bin/../lib/gcc/avr/4.3.2/../../../../avr/lib/avr51/crtm1280.o
__vector_56                                       c:/winavr-20090313/bin/../lib/gcc/avr/4.3.2/../../../../avr/lib/avr51/crtm1280.o
__vector_6                                        C:\Users\derekja\workspace\SENG466RemoteStation\libmegaCore.a(WInterrupts.o)
                                                  c:/winavr-20090313/bin/../lib/gcc/avr/4.3.2/../../../../avr/lib/avr51/crtm1280.o
__vector_7                                        C:\Users\derekja\workspace\SENG466RemoteStation\libmegaCore.a(WInterrupts.o)
                                                  c:/winavr-20090313/bin/../lib/gcc/avr/4.3.2/../../../../avr/lib/avr51/crtm1280.o
__vector_8                                        C:\Users\derekja\workspace\SENG466RemoteStation\libmegaCore.a(WInterrupts.o)
                                                  c:/winavr-20090313/bin/../lib/gcc/avr/4.3.2/../../../../avr/lib/avr51/crtm1280.o
__vector_9                                        c:/winavr-20090313/bin/../lib/gcc/avr/4.3.2/../../../../avr/lib/avr51/crtm1280.o
__vector_default                                  c:/winavr-20090313/bin/../lib/gcc/avr/4.3.2/../../../../avr/lib/avr51/crtm1280.o
__vectors                                         c:/winavr-20090313/bin/../lib/gcc/avr/4.3.2/../../../../avr/lib/avr51/crtm1280.o
_div                                              c:/winavr-20090313/bin/../lib/gcc/avr/4.3.2/avr51\libgcc.a(_divmodhi4.o)
_exit                                             c:/winavr-20090313/bin/../lib/gcc/avr/4.3.2/avr51\libgcc.a(_exit.o)
actuate()                                         ./Actuate.o
                                                  ./main.o
actuateTask()                                     ./main.o
analogRead                                        C:\Users\derekja\workspace\SENG466RemoteStation\libmegaCore.a(wiring_analog.o)
                                                  ./sonar.o
analogReference                                   C:\Users\derekja\workspace\SENG466RemoteStation\libmegaCore.a(wiring_analog.o)
analogWrite                                       C:\Users\derekja\workspace\SENG466RemoteStation\libmegaCore.a(wiring_analog.o)
                                                  ./Control.o
                                                  ./Actuate.o
analog_reference                                  C:\Users\derekja\workspace\SENG466RemoteStation\libmegaCore.a(wiring_analog.o)
attachInterrupt                                   C:\Users\derekja\workspace\SENG466RemoteStation\libmegaCore.a(WInterrupts.o)
                                                  ./Radio/radio.o
command                                           ./main.o
                                                  ./radioclient.o
                                                  ./Control.o
control()                                         ./Control.o
                                                  ./main.o
controlTask()                                     ./main.o
delay                                             C:\Users\derekja\workspace\SENG466RemoteStation\libmegaCore.a(wiring.o)
delayMicroseconds                                 C:\Users\derekja\workspace\SENG466RemoteStation\libmegaCore.a(wiring.o)
                                                  ./Radio/radio.o
detachInterrupt                                   C:\Users\derekja\workspace\SENG466RemoteStation\libmegaCore.a(WInterrupts.o)
digitalRead                                       C:\Users\derekja\workspace\SENG466RemoteStation\libmegaCore.a(wiring_digital.o)
digitalWrite                                      C:\Users\derekja\workspace\SENG466RemoteStation\libmegaCore.a(wiring_digital.o)
                                                  C:\Users\derekja\workspace\SENG466RemoteStation\libmegaCore.a(wiring_analog.o)
                                                  C:\Users\derekja\workspace\SENG466RemoteStation\libmegaCore.a(wiring.o)
                                                  ./Radio/spi.o
                                                  ./Radio/radio.o
                                                  ./sonar.o
                                                  ./main.o
                                                  ./Control.o
                                                  ./Actuate.o
digital_pin_to_bit_mask_PGM                       C:\Users\derekja\workspace\SENG466RemoteStation\libmegaCore.a(pins_arduino.o)
                                                  C:\Users\derekja\workspace\SENG466RemoteStation\libmegaCore.a(wiring_digital.o)
digital_pin_to_port_PGM                           C:\Users\derekja\workspace\SENG466RemoteStation\libmegaCore.a(pins_arduino.o)
                                                  C:\Users\derekja\workspace\SENG466RemoteStation\libmegaCore.a(wiring_digital.o)
digital_pin_to_timer_PGM                          C:\Users\derekja\workspace\SENG466RemoteStation\libmegaCore.a(pins_arduino.o)
                                                  C:\Users\derekja\workspace\SENG466RemoteStation\libmegaCore.a(wiring_digital.o)
                                                  C:\Users\derekja\workspace\SENG466RemoteStation\libmegaCore.a(wiring_analog.o)
exit                                              c:/winavr-20090313/bin/../lib/gcc/avr/4.3.2/avr51\libgcc.a(_exit.o)
                                                  c:/winavr-20090313/bin/../lib/gcc/avr/4.3.2/../../../../avr/lib/avr51/crtm1280.o
follow_wall_d_left                                ./Control.o
follow_wall_d_right                               ./Control.o
follow_wall_error_left                            ./Control.o
follow_wall_error_right                           ./Control.o
follow_wall_p_left                                ./Control.o
follow_wall_p_right                               ./Control.o
follow_wall_prev_error_left                       ./Control.o
follow_wall_prev_error_right                      ./Control.o
init                                              C:\Users\derekja\workspace\SENG466RemoteStation\libmegaCore.a(wiring.o)
                                                  ./main.o
int0handler()                                     ./Radio/radio.o
left_propulsion                                   ./Actuate.o
left_propulsion_scaled                            ./Actuate.o
main                                              ./RTOS/os.o
                                                  c:/winavr-20090313/bin/../lib/gcc/avr/4.3.2/../../../../avr/lib/avr51/crtm1280.o
micros                                            C:\Users\derekja\workspace\SENG466RemoteStation\libmegaCore.a(wiring.o)
millis                                            C:\Users\derekja\workspace\SENG466RemoteStation\libmegaCore.a(wiring.o)
old_left_propulsion                               ./Actuate.o
old_right_propulsion                              ./Actuate.o
pinMode                                           C:\Users\derekja\workspace\SENG466RemoteStation\libmegaCore.a(wiring_digital.o)
                                                  C:\Users\derekja\workspace\SENG466RemoteStation\libmegaCore.a(wiring_analog.o)
                                                  ./Radio/spi.o
                                                  ./Radio/radio.o
                                                  ./sonar.o
                                                  ./main.o
port_to_input_PGM                                 C:\Users\derekja\workspace\SENG466RemoteStation\libmegaCore.a(pins_arduino.o)
                                                  C:\Users\derekja\workspace\SENG466RemoteStation\libmegaCore.a(wiring_digital.o)
port_to_mode_PGM                                  C:\Users\derekja\workspace\SENG466RemoteStation\libmegaCore.a(pins_arduino.o)
                                                  C:\Users\derekja\workspace\SENG466RemoteStation\libmegaCore.a(wiring_digital.o)
port_to_output_PGM                                C:\Users\derekja\workspace\SENG466RemoteStation\libmegaCore.a(pins_arduino.o)
                                                  C:\Users\derekja\workspace\SENG466RemoteStation\libmegaCore.a(wiring_digital.o)
r_main()                                          ./main.o
                                                  ./RTOS/os.o
radioInitSetup()                                  ./radioclient.o
                                                  ./main.o
radioSend()                                       ./radioclient.o
radio_rxhandler(unsigned char)                    ./radioclient.o
                                                  ./Radio/radio.o
right_propulsion                                  ./Actuate.o
right_propulsion_scaled                           ./Actuate.o
rx_buffer                                         C:\Users\derekja\workspace\SENG466RemoteStation\libmegaCore.a(HardwareSerial.o)
rx_buffer1                                        C:\Users\derekja\workspace\SENG466RemoteStation\libmegaCore.a(HardwareSerial.o)
rx_buffer2                                        C:\Users\derekja\workspace\SENG466RemoteStation\libmegaCore.a(HardwareSerial.o)
rx_buffer3                                        C:\Users\derekja\workspace\SENG466RemoteStation\libmegaCore.a(HardwareSerial.o)
sonarGetDistance(int)                             ./sonar.o
                                                  ./Control.o
sonarInit()                                       ./sonar.o
                                                  ./main.o
sonarMeasureDistance()                            ./sonar.o
                                                  ./main.o
sonarTask()                                       ./main.o
speed_left                                        ./Control.o
                                                  ./Actuate.o
speed_right                                       ./Control.o
                                                  ./Actuate.o
state                                             ./Control.o
store_char(unsigned char, ring_buffer*)           C:\Users\derekja\workspace\SENG466RemoteStation\libmegaCore.a(HardwareSerial.o)
task1()                                           ./main.o
task2()                                           ./main.o
timer0_millis                                     C:\Users\derekja\workspace\SENG466RemoteStation\libmegaCore.a(wiring.o)
timer0_overflow_count                             C:\Users\derekja\workspace\SENG466RemoteStation\libmegaCore.a(wiring.o)
vtable for HardwareSerial                         C:\Users\derekja\workspace\SENG466RemoteStation\libmegaCore.a(HardwareSerial.o)
vtable for Print                                  C:\Users\derekja\workspace\SENG466RemoteStation\libmegaCore.a(Print.o)
